[0m09:26:49.799623 [debug] [MainThread]: Sending event: {'category': 'dbt', 'action': 'invocation', 'label': 'start', 'context': [<snowplow_tracker.self_describing_json.SelfDescribingJson object at 0x104403aa0>, <snowplow_tracker.self_describing_json.SelfDescribingJson object at 0x104cb49e0>, <snowplow_tracker.self_describing_json.SelfDescribingJson object at 0x104cb47d0>]}


============================== 09:26:49.801542 | a77287e1-89ea-4784-854e-d1002312d2f3 ==============================
[0m09:26:49.801542 [info ] [MainThread]: Running with dbt=1.9.4
[0m09:26:49.801778 [debug] [MainThread]: running dbt with arguments {'printer_width': '80', 'indirect_selection': 'eager', 'write_json': 'True', 'log_cache_events': 'False', 'partial_parse': 'True', 'cache_selected_only': 'False', 'profiles_dir': '/Users/steph/.dbt', 'fail_fast': 'False', 'version_check': 'True', 'log_path': 'logs', 'warn_error': 'None', 'debug': 'False', 'use_colors': 'True', 'use_experimental_parser': 'False', 'empty': 'None', 'quiet': 'False', 'no_print': 'None', 'log_format': 'default', 'invocation_command': 'dbt init', 'introspect': 'True', 'static_parser': 'True', 'target_path': 'None', 'warn_error_options': 'WarnErrorOptions(include=[], exclude=[])', 'send_anonymous_usage_stats': 'True'}
[0m09:27:22.787279 [debug] [MainThread]: Starter project path: /Library/Frameworks/Python.framework/Versions/3.12/lib/python3.12/site-packages/dbt/include/starter_project
[0m09:27:22.800470 [info ] [MainThread]: 
Your new dbt project "nyc_data_model" was created!

For more information on how to configure the profiles.yml file,
please consult the dbt documentation here:

  https://docs.getdbt.com/docs/configure-your-profile

One more thing:

Need help? Don't hesitate to reach out to us via GitHub issues or on Slack:

  https://community.getdbt.com/

Happy modeling!

[0m09:27:22.801071 [info ] [MainThread]: Setting up your profile.
[0m09:36:01.432258 [info ] [MainThread]: Profile nyc_data_model written to /Users/steph/.dbt/profiles.yml using target's profile_template.yml and your supplied values. Run 'dbt debug' to validate the connection.
[0m09:36:01.468756 [debug] [MainThread]: Resource report: {"command_name": "init", "command_success": true, "command_wall_clock_time": 551.69904, "process_in_blocks": "0", "process_kernel_time": 0.137595, "process_mem_max_rss": "122552320", "process_out_blocks": "0", "process_user_time": 0.643796}
[0m09:36:01.469750 [debug] [MainThread]: Command `dbt init` succeeded at 09:36:01.469568 after 551.70 seconds
[0m09:36:01.470231 [debug] [MainThread]: Sending event: {'category': 'dbt', 'action': 'invocation', 'label': 'end', 'context': [<snowplow_tracker.self_describing_json.SelfDescribingJson object at 0x105c5e9f0>, <snowplow_tracker.self_describing_json.SelfDescribingJson object at 0x106bb5370>, <snowplow_tracker.self_describing_json.SelfDescribingJson object at 0x105c3ab40>]}
[0m09:36:01.470721 [debug] [MainThread]: Flushing usage events
[0m09:36:02.125410 [debug] [MainThread]: An error was encountered while trying to flush usage events
